exports[`test renders correctly 1`] = `
<ul
  className="todo-list">
  <li
    className="todo-list-item incomplete"
    onClick={[Function]}>
    <label>
      <input
        defaultChecked={false}
        type="checkbox" />
      Item One
    </label>
  </li>
  <li
    className="todo-list-item completed"
    onClick={[Function]}>
    <label>
      <input
        defaultChecked={true}
        type="checkbox" />
      Item Two
    </label>
  </li>
  <li
    className="todo-list-item completed"
    onClick={[Function]}>
    <label>
      <input
        defaultChecked={true}
        type="checkbox" />
      Item Three
    </label>
  </li>
</ul>
`;
